[2026-04-12T10:54:42.574Z] [INFO] Scheduled task: Full anatomy rescan (0 */6 * * *)
[2026-04-12T10:54:42.576Z] [INFO] Scheduled task: Consolidate old memory (0 2 * * *)
[2026-04-12T10:54:42.576Z] [INFO] Scheduled task: Token audit report (0 0 * * 1)
[2026-04-12T10:54:42.577Z] [INFO] Scheduled task: Cerebrum reflection (0 3 * * 0)
[2026-04-12T10:54:42.578Z] [INFO] Scheduled task: AI suggestions (0 4 * * 1)
[2026-04-12T10:54:42.579Z] [INFO] File watcher started on .wolf/
[2026-04-12T10:54:42.581Z] [INFO] OpenWolf daemon started
[2026-04-12T10:54:42.582Z] [INFO] Dashboard server listening on port 18791
[2026-04-12T10:54:44.066Z] [INFO] WebSocket client connected
[2026-04-12T10:59:04.435Z] [INFO] Executing task: AI suggestions
[2026-04-12T10:59:47.635Z] [INFO] Task AI suggestions completed in 43200ms
[2026-04-12T11:08:07.973Z] [INFO] WebSocket client connected
[2026-04-12T11:17:25.597Z] [INFO] WebSocket client connected
[2026-04-12T12:00:00.544Z] [INFO] Executing task: Consolidate old memory
[2026-04-12T12:00:00.551Z] [INFO] Task Consolidate old memory completed in 6ms
[2026-04-12T12:01:08.737Z] [INFO] WebSocket client connected
[2026-04-12T12:08:23.817Z] [INFO] WebSocket client connected
[2026-04-12T12:11:06.802Z] [INFO] WebSocket client connected
[2026-04-12T12:14:06.379Z] [INFO] WebSocket client connected
[2026-04-12T13:00:00.720Z] [INFO] Executing task: Cerebrum reflection
[2026-04-12T13:00:18.982Z] [INFO] Task Cerebrum reflection completed in 18261ms
[2026-04-12T16:00:00.767Z] [INFO] Executing task: Full anatomy rescan
[2026-04-12T16:00:00.834Z] [INFO] Task Full anatomy rescan completed in 66ms
[2026-04-12T20:37:56.016Z] [INFO] WebSocket client connected
[2026-04-12T21:07:20.013Z] [INFO] WebSocket client connected
[2026-04-12T21:07:23.172Z] [INFO] WebSocket client connected
[2026-04-12T21:24:20.088Z] [INFO] WebSocket client connected
[2026-04-12T21:41:53.552Z] [INFO] Daemon shutting down...
[2026-04-12T21:41:54.564Z] [INFO] Daemon stopped
[2026-04-12T23:25:20.496Z] [INFO] Scheduled task: Full anatomy rescan (0 */6 * * *)
[2026-04-12T23:25:20.499Z] [INFO] Scheduled task: Consolidate old memory (0 2 * * *)
[2026-04-12T23:25:20.500Z] [INFO] Scheduled task: Token audit report (0 0 * * 1)
[2026-04-12T23:25:20.501Z] [INFO] Scheduled task: Cerebrum reflection (0 3 * * 0)
[2026-04-12T23:25:20.502Z] [INFO] Scheduled task: AI suggestions (0 4 * * 1)
[2026-04-12T23:25:20.504Z] [INFO] File watcher started on .wolf/
[2026-04-12T23:25:20.506Z] [INFO] OpenWolf daemon started
[2026-04-12T23:25:20.507Z] [INFO] Dashboard server listening on port 18791
[2026-04-12T23:25:21.897Z] [INFO] WebSocket client connected
[2026-04-12T23:25:22.284Z] [INFO] WebSocket client connected
